// Jest Snapshot v1, https://goo.gl/fbAQLP

exports[`App renders and matches snapshot 1`] = `
<DocumentFragment>
  <div>
    App
  </div>
</DocumentFragment>
`;
